QUIC 2a00:79e1:abc:301:18d2:7b31:c60c:74c6 <-> 2001:19f0:5001:925:5400:1ff:fea6:5b54 null-3793fa9f (59401:4433) at 1580832908455932 new starting packets 0 0 bytes 0 0
QUIC 2a00:79e1:abc:301:18d2:7b31:c60c:74c6 <-> 2001:19f0:5001:925:5400:1ff:fea6:5b54 null-634de731103793 (59401:4433) at 1580832908475185 change starting packets 1 0 bytes 1248 0 bandwidth 1248 0
QUIC 2a00:79e1:abc:301:18d2:7b31:c60c:74c6 <-> 2001:19f0:5001:925:5400:1ff:fea6:5b54 null-634de731103793 (59401:4433) at 1580832908475185 measurement starting right 19253 packets 1 0 bytes 1248 0 bandwidth 1248 0
QUIC 2a00:79e1:abc:301:18d2:7b31:c60c:74c6 <-> 2001:19f0:5001:925:5400:1ff:fea6:5b54 null-634de731103793 (59401:4433) at 1580832908476421 measurement starting left 1236 packets 1 1 bytes 1248 87 bandwidth 1248 87
QUIC 2a00:79e1:abc:301:18d2:7b31:c60c:74c6 <-> 2001:19f0:5001:925:5400:1ff:fea6:5b54 null-1414089f772f340cea58dd0cda29f16fdafb8125 (59401:4433) at 1580832908495719 change starting packets 2 1 bytes 2496 87 bandwidth 2496 87
QUIC 2a00:79e1:abc:301:18d2:7b31:c60c:74c6 <-> 2001:19f0:5001:925:5400:1ff:fea6:5b54 null-1414089f772f340cea58dd0cda29f16fdafb8125 (59401:4433) at 1580832908495719 measurement up right 19298 packets 2 1 bytes 2496 87 bandwidth 2496 87
QUIC 2a00:79e1:abc:301:18d2:7b31:c60c:74c6 <-> 2001:19f0:5001:925:5400:1ff:fea6:5b54 dfe39b7d-1414089f772f340cea58dd0cda29f16fdafb8125 (59401:4433) at 1580832908496052 packet up responder length 1244 packets 2 3 bytes 2496 1595 bandwidth 2496 1595
QUIC 2a00:79e1:abc:301:18d2:7b31:c60c:74c6 <-> 2001:19f0:5001:925:5400:1ff:fea6:5b54 dfe39b7d-1414089f772f340cea58dd0cda29f16fdafb8125 (59401:4433) at 1580832908496374 packet up responder length 1245 packets 2 4 bytes 2496 2840 bandwidth 2496 2840
QUIC 2a00:79e1:abc:301:18d2:7b31:c60c:74c6 <-> 2001:19f0:5001:925:5400:1ff:fea6:5b54 dfe39b7d-1414089f772f340cea58dd0cda29f16fdafb8125 (59401:4433) at 1580832908496663 packet up responder length 780 packets 2 5 bytes 2496 3620 bandwidth 2496 3620
QUIC 2a00:79e1:abc:301:18d2:7b31:c60c:74c6 <-> 2001:19f0:5001:925:5400:1ff:fea6:5b54 dfe39b7d-1414089f772f340cea58dd0cda29f16fdafb8125 (59401:4433) at 1580832908496859 packet up initiator length 104 packets 3 5 bytes 2600 3620 bandwidth 2600 3620
QUIC 2a00:79e1:abc:301:18d2:7b31:c60c:74c6 <-> 2001:19f0:5001:925:5400:1ff:fea6:5b54 dfe39b7d-1414089f772f340cea58dd0cda29f16fdafb8125 (59401:4433) at 1580832908498120 packet up initiator length 1398 packets 4 5 bytes 3998 3620 bandwidth 3998 3620
QUIC 2a00:79e1:abc:301:18d2:7b31:c60c:74c6 <-> 2001:19f0:5001:925:5400:1ff:fea6:5b54 dfe39b7d-1414089f772f340cea58dd0cda29f16fdafb8125 (59401:4433) at 1580832908514942 packet up responder length 102 packets 4 6 bytes 3998 3722 bandwidth 3998 3722
QUIC 2a00:79e1:abc:301:18d2:7b31:c60c:74c6 <-> 2001:19f0:5001:925:5400:1ff:fea6:5b54 dfe39b7d-1414089f772f340cea58dd0cda29f16fdafb8125 (59401:4433) at 1580832908514948 spinvalue up 0 responder packets 4 6 bytes 3998 3722 bandwidth 3998 3722
QUIC 2a00:79e1:abc:301:18d2:7b31:c60c:74c6 <-> 2001:19f0:5001:925:5400:1ff:fea6:5b54 dfe39b7d-1414089f772f340cea58dd0cda29f16fdafb8125 (59401:4433) at 1580832908518647 spinvalue up 0 initiator packets 4 7 bytes 3998 4262 bandwidth 3998 4262
QUIC 2a00:79e1:abc:301:18d2:7b31:c60c:74c6 <-> 2001:19f0:5001:925:5400:1ff:fea6:5b54 dfe39b7d-1414089f772f340cea58dd0cda29f16fdafb8125 (59401:4433) at 1580832908519309 spinvalue up 0 initiator packets 5 7 bytes 4089 4262 bandwidth 4089 4262
QUIC 2a00:79e1:abc:301:18d2:7b31:c60c:74c6 <-> 2001:19f0:5001:925:5400:1ff:fea6:5b54 8a7e6e87aeb7961362c714170456e5-null (59402:4433) at 1580832908786851 new starting packets 0 0 bytes 0 0
QUIC 2a00:79e1:abc:301:18d2:7b31:c60c:74c6 <-> 2001:19f0:5001:925:5400:1ff:fea6:5b54 8a7e6e87aeb7961362c714170456e5-56e5801a0c8a7e (59402:4433) at 1580832908807706 change starting packets 1 0 bytes 1248 0 bandwidth 1248 0
QUIC 2a00:79e1:abc:301:18d2:7b31:c60c:74c6 <-> 2001:19f0:5001:925:5400:1ff:fea6:5b54 8a7e6e87aeb7961362c714170456e5-56e5801a0c8a7e (59402:4433) at 1580832908807706 measurement starting right 20855 packets 1 0 bytes 1248 0 bandwidth 1248 0
QUIC 2a00:79e1:abc:301:18d2:7b31:c60c:74c6 <-> 2001:19f0:5001:925:5400:1ff:fea6:5b54 null-56e5801a0c8a7e (59402:4433) at 1580832908809200 measurement starting left 1494 packets 1 1 bytes 1248 83 bandwidth 1248 83
QUIC 2a00:79e1:abc:301:18d2:7b31:c60c:74c6 <-> 2001:19f0:5001:925:5400:1ff:fea6:5b54 null-14c4bae8b794a9d85f485128d15a2196baa76839 (59402:4433) at 1580832908828924 change starting packets 2 1 bytes 2496 83 bandwidth 2496 83
QUIC 2a00:79e1:abc:301:18d2:7b31:c60c:74c6 <-> 2001:19f0:5001:925:5400:1ff:fea6:5b54 null-14c4bae8b794a9d85f485128d15a2196baa76839 (59402:4433) at 1580832908828924 measurement up right 19724 packets 2 1 bytes 2496 83 bandwidth 2496 83
QUIC 2a00:79e1:abc:301:18d2:7b31:c60c:74c6 <-> 2001:19f0:5001:925:5400:1ff:fea6:5b54 19a2d8c0-14c4bae8b794a9d85f485128d15a2196baa76839 (59402:4433) at 1580832908829143 packet up responder length 1244 packets 2 3 bytes 2496 1591 bandwidth 2496 1591
QUIC 2a00:79e1:abc:301:18d2:7b31:c60c:74c6 <-> 2001:19f0:5001:925:5400:1ff:fea6:5b54 19a2d8c0-14c4bae8b794a9d85f485128d15a2196baa76839 (59402:4433) at 1580832908829506 packet up responder length 1245 packets 2 4 bytes 2496 2836 bandwidth 2496 2836
QUIC 2a00:79e1:abc:301:18d2:7b31:c60c:74c6 <-> 2001:19f0:5001:925:5400:1ff:fea6:5b54 19a2d8c0-14c4bae8b794a9d85f485128d15a2196baa76839 (59402:4433) at 1580832908830414 packet up responder length 780 packets 2 5 bytes 2496 3616 bandwidth 2496 3616
QUIC 2a00:79e1:abc:301:18d2:7b31:c60c:74c6 <-> 2001:19f0:5001:925:5400:1ff:fea6:5b54 19a2d8c0-14c4bae8b794a9d85f485128d15a2196baa76839 (59402:4433) at 1580832908830522 packet up initiator length 104 packets 3 5 bytes 2600 3616 bandwidth 2600 3616
QUIC 2a00:79e1:abc:301:18d2:7b31:c60c:74c6 <-> 2001:19f0:5001:925:5400:1ff:fea6:5b54 19a2d8c0-14c4bae8b794a9d85f485128d15a2196baa76839 (59402:4433) at 1580832908832347 packet up initiator length 1398 packets 4 5 bytes 3998 3616 bandwidth 3998 3616
QUIC 2a00:79e1:abc:301:18d2:7b31:c60c:74c6 <-> 2001:19f0:5001:925:5400:1ff:fea6:5b54 19a2d8c0-14c4bae8b794a9d85f485128d15a2196baa76839 (59402:4433) at 1580832908850160 packet up responder length 102 packets 4 6 bytes 3998 3718 bandwidth 3998 3718
QUIC 2a00:79e1:abc:301:18d2:7b31:c60c:74c6 <-> 2001:19f0:5001:925:5400:1ff:fea6:5b54 19a2d8c0-14c4bae8b794a9d85f485128d15a2196baa76839 (59402:4433) at 1580832908850164 spinvalue up 0 responder packets 4 6 bytes 3998 3718 bandwidth 3998 3718
QUIC 2a00:79e1:abc:301:18d2:7b31:c60c:74c6 <-> 2001:19f0:5001:925:5400:1ff:fea6:5b54 19a2d8c0-14c4bae8b794a9d85f485128d15a2196baa76839 (59402:4433) at 1580832908857150 spinvalue up 0 initiator packets 4 7 bytes 3998 4258 bandwidth 3998 4258
QUIC 2a00:79e1:abc:301:18d2:7b31:c60c:74c6 <-> 2001:19f0:5001:925:5400:1ff:fea6:5b54 19a2d8c0-14c4bae8b794a9d85f485128d15a2196baa76839 (59402:4433) at 1580832908857443 spinvalue up 0 initiator packets 5 7 bytes 4089 4258 bandwidth 4089 4258
QUIC 2a00:79e1:abc:301:18d2:7b31:c60c:74c6 <-> 2001:19f0:5001:925:5400:1ff:fea6:5b54 53d0425d08aefa2ad0fd86e5042aae-null (59403:8443) at 1580832909132410 new starting packets 0 0 bytes 0 0
QUIC 2a00:79e1:abc:301:18d2:7b31:c60c:74c6 <-> 2001:19f0:5001:925:5400:1ff:fea6:5b54 53d0425d08aefa2ad0fd86e5042aae-2aaeb8970c53d0 (59403:8443) at 1580832909152637 change starting packets 1 0 bytes 1248 0 bandwidth 1248 0
QUIC 2a00:79e1:abc:301:18d2:7b31:c60c:74c6 <-> 2001:19f0:5001:925:5400:1ff:fea6:5b54 53d0425d08aefa2ad0fd86e5042aae-2aaeb8970c53d0 (59403:8443) at 1580832909152637 measurement starting right 20227 packets 1 0 bytes 1248 0 bandwidth 1248 0
QUIC 2a00:79e1:abc:301:18d2:7b31:c60c:74c6 <-> 2001:19f0:5001:925:5400:1ff:fea6:5b54 null-2aaeb8970c53d0 (59403:8443) at 1580832909154983 measurement starting left 2346 packets 1 1 bytes 1248 83 bandwidth 1248 83
QUIC 2a00:79e1:abc:301:18d2:7b31:c60c:74c6 <-> 2001:19f0:5001:925:5400:1ff:fea6:5b54 null-146b9565ff36c34e7d9029bedd63c907be2cd3da (59403:8443) at 1580832909176683 change starting packets 2 1 bytes 2496 83 bandwidth 2496 83
QUIC 2a00:79e1:abc:301:18d2:7b31:c60c:74c6 <-> 2001:19f0:5001:925:5400:1ff:fea6:5b54 null-146b9565ff36c34e7d9029bedd63c907be2cd3da (59403:8443) at 1580832909176683 measurement up right 21700 packets 2 1 bytes 2496 83 bandwidth 2496 83
QUIC 2a00:79e1:abc:301:18d2:7b31:c60c:74c6 <-> 2001:19f0:5001:925:5400:1ff:fea6:5b54 edd5803c-146b9565ff36c34e7d9029bedd63c907be2cd3da (59403:8443) at 1580832909177411 packet up responder length 1244 packets 2 3 bytes 2496 1591 bandwidth 2496 1591
QUIC 2a00:79e1:abc:301:18d2:7b31:c60c:74c6 <-> 2001:19f0:5001:925:5400:1ff:fea6:5b54 edd5803c-146b9565ff36c34e7d9029bedd63c907be2cd3da (59403:8443) at 1580832909178202 packet up responder length 1245 packets 2 4 bytes 2496 2836 bandwidth 2496 2836
QUIC 2a00:79e1:abc:301:18d2:7b31:c60c:74c6 <-> 2001:19f0:5001:925:5400:1ff:fea6:5b54 edd5803c-146b9565ff36c34e7d9029bedd63c907be2cd3da (59403:8443) at 1580832909178207 packet up responder length 780 packets 2 5 bytes 2496 3616 bandwidth 2496 3616
QUIC 2a00:79e1:abc:301:18d2:7b31:c60c:74c6 <-> 2001:19f0:5001:925:5400:1ff:fea6:5b54 edd5803c-146b9565ff36c34e7d9029bedd63c907be2cd3da (59403:8443) at 1580832909178222 packet up initiator length 104 packets 3 5 bytes 2600 3616 bandwidth 2600 3616
QUIC 2a00:79e1:abc:301:18d2:7b31:c60c:74c6 <-> 2001:19f0:5001:925:5400:1ff:fea6:5b54 edd5803c-146b9565ff36c34e7d9029bedd63c907be2cd3da (59403:8443) at 1580832909178853 packet up initiator length 103 packets 4 5 bytes 2703 3616 bandwidth 2703 3616
QUIC 2a00:79e1:abc:301:18d2:7b31:c60c:74c6 <-> 2001:19f0:5001:925:5400:1ff:fea6:5b54 edd5803c-146b9565ff36c34e7d9029bedd63c907be2cd3da (59403:8443) at 1580832909179835 packet up initiator length 1398 packets 5 5 bytes 4101 3616 bandwidth 4101 3616
QUIC 2a00:79e1:abc:301:18d2:7b31:c60c:74c6 <-> 2001:19f0:5001:925:5400:1ff:fea6:5b54 edd5803c-146b9565ff36c34e7d9029bedd63c907be2cd3da (59403:8443) at 1580832909180226 spinvalue up 0 initiator packets 5 5 bytes 4101 3616 bandwidth 4101 3616
QUIC 2a00:79e1:abc:301:18d2:7b31:c60c:74c6 <-> 2001:19f0:5001:925:5400:1ff:fea6:5b54 edd5803c-146b9565ff36c34e7d9029bedd63c907be2cd3da (59403:8443) at 1580832909198283 packet up responder length 102 packets 6 6 bytes 4216 3718 bandwidth 4216 3718
QUIC 2a00:79e1:abc:301:18d2:7b31:c60c:74c6 <-> 2001:19f0:5001:925:5400:1ff:fea6:5b54 edd5803c-146b9565ff36c34e7d9029bedd63c907be2cd3da (59403:8443) at 1580832909198287 spinvalue up 0 responder packets 6 6 bytes 4216 3718 bandwidth 4216 3718
QUIC 2a00:79e1:abc:301:18d2:7b31:c60c:74c6 <-> 2001:19f0:5001:925:5400:1ff:fea6:5b54 edd5803c-146b9565ff36c34e7d9029bedd63c907be2cd3da (59403:8443) at 1580832909198288 spinvalue up 0 responder packets 6 7 bytes 4216 4265 bandwidth 4216 4265
QUIC 2a00:79e1:abc:301:18d2:7b31:c60c:74c6 <-> 2001:19f0:5001:925:5400:1ff:fea6:5b54 edd5803c-146b9565ff36c34e7d9029bedd63c907be2cd3da (59403:8443) at 1580832909198289 spinvalue up 0 responder packets 6 8 bytes 4216 4340 bandwidth 4216 4340
QUIC 2a00:79e1:abc:301:18d2:7b31:c60c:74c6 <-> 2001:19f0:5001:925:5400:1ff:fea6:5b54 edd5803c-146b9565ff36c34e7d9029bedd63c907be2cd3da (59403:8443) at 1580832909199430 spinvalue up 0 responder packets 6 9 bytes 4216 4415 bandwidth 4216 4415
QUIC 2a00:79e1:abc:301:18d2:7b31:c60c:74c6 <-> 2001:19f0:5001:925:5400:1ff:fea6:5b54 edd5803c-146b9565ff36c34e7d9029bedd63c907be2cd3da (59403:8443) at 1580832909205674 spinvalue up 1 initiator packets 6 10 bytes 4216 4555 bandwidth 4216 4555
QUIC 2a00:79e1:abc:301:18d2:7b31:c60c:74c6 <-> 2001:19f0:5001:925:5400:1ff:fea6:5b54 edd5803c-146b9565ff36c34e7d9029bedd63c907be2cd3da (59403:8443) at 1580832909205920 spinvalue up 1 initiator packets 7 10 bytes 4309 4555 bandwidth 4309 4555
QUIC 2a00:79e1:abc:301:18d2:7b31:c60c:74c6 <-> 2001:19f0:5001:925:5400:1ff:fea6:5b54 edd5803c-146b9565ff36c34e7d9029bedd63c907be2cd3da (59403:8443) at 1580832909206734 spinvalue up 1 initiator packets 8 10 bytes 4400 4555 bandwidth 4400 4555
QUIC 2a00:79e1:abc:301:18d2:7b31:c60c:74c6 <-> 2001:19f0:5001:925:5400:1ff:fea6:5b54 edd5803c-146b9565ff36c34e7d9029bedd63c907be2cd3da (59403:8443) at 1580832909222982 spinvalue up 0 responder packets 9 10 bytes 4489 4555 bandwidth 4489 4555
UDP 2a00:79e1:abc:301:18d2:7b31:c60c:74c6 <-> 2001:19f0:5001:925:5400:1ff:fea6:5b54 59404:8444 at 1580832909477840 new starting packets 0 0 bytes 0 0
QUIC 2a00:79e1:abc:301:18d2:7b31:c60c:74c6 <-> 2001:19f0:5001:925:5400:1ff:fea6:5b54 04d26773-9cf071eb9d158ce4fd080f (59404:8444) at 1580832909500415 new starting packets 0 0 bytes 0 0
QUIC 2a00:79e1:abc:301:18d2:7b31:c60c:74c6 <-> 2001:19f0:5001:925:5400:1ff:fea6:5b54 04d26773-148c0dc17fccfe61721232d58e5889789d122c81 (59404:8444) at 1580832909517843 change starting packets 1 0 bytes 1248 0 bandwidth 1248 0
QUIC 2a00:79e1:abc:301:18d2:7b31:c60c:74c6 <-> 2001:19f0:5001:925:5400:1ff:fea6:5b54 d2677385-148c0dc17fccfe61721232d58e5889789d122c81 (59404:8444) at 1580832909519687 measurement starting left 1844 packets 1 1 bytes 1248 128 bandwidth 1248 128
QUIC 2a00:79e1:abc:301:18d2:7b31:c60c:74c6 <-> 2001:19f0:5001:925:5400:1ff:fea6:5b54 d2677385-148c0dc17fccfe61721232d58e5889789d122c81 (59404:8444) at 1580832909538763 measurement up right 19076 packets 2 1 bytes 2496 128 bandwidth 2496 128
QUIC 2a00:79e1:abc:301:18d2:7b31:c60c:74c6 <-> 2001:19f0:5001:925:5400:1ff:fea6:5b54 d2677385-148c0dc17fccfe61721232d58e5889789d122c81 (59404:8444) at 1580832909538984 packet up responder length 1244 packets 2 3 bytes 2496 1636 bandwidth 2496 1636
QUIC 2a00:79e1:abc:301:18d2:7b31:c60c:74c6 <-> 2001:19f0:5001:925:5400:1ff:fea6:5b54 d2677385-148c0dc17fccfe61721232d58e5889789d122c81 (59404:8444) at 1580832909539301 packet up responder length 1245 packets 2 4 bytes 2496 2881 bandwidth 2496 2881
QUIC 2a00:79e1:abc:301:18d2:7b31:c60c:74c6 <-> 2001:19f0:5001:925:5400:1ff:fea6:5b54 d2677385-148c0dc17fccfe61721232d58e5889789d122c81 (59404:8444) at 1580832909539724 packet up responder length 795 packets 2 5 bytes 2496 3676 bandwidth 2496 3676
QUIC 2a00:79e1:abc:301:18d2:7b31:c60c:74c6 <-> 2001:19f0:5001:925:5400:1ff:fea6:5b54 d2677385-148c0dc17fccfe61721232d58e5889789d122c81 (59404:8444) at 1580832909541792 packet up initiator length 137 packets 3 5 bytes 2633 3676 bandwidth 2633 3676
QUIC 2a00:79e1:abc:301:18d2:7b31:c60c:74c6 <-> 2001:19f0:5001:925:5400:1ff:fea6:5b54 d2677385-148c0dc17fccfe61721232d58e5889789d122c81 (59404:8444) at 1580832909543270 packet up initiator length 1398 packets 4 5 bytes 4031 3676 bandwidth 4031 3676
QUIC 2a00:79e1:abc:301:18d2:7b31:c60c:74c6 <-> 2001:19f0:5001:925:5400:1ff:fea6:5b54 d2677385-148c0dc17fccfe61721232d58e5889789d122c81 (59404:8444) at 1580832909543567 spinvalue up 0 initiator packets 4 5 bytes 4031 3676 bandwidth 4031 3676
QUIC 2a00:79e1:abc:301:18d2:7b31:c60c:74c6 <-> 2001:19f0:5001:925:5400:1ff:fea6:5b54 d2677385-148c0dc17fccfe61721232d58e5889789d122c81 (59404:8444) at 1580832909560768 packet up responder length 102 packets 5 6 bytes 4146 3778 bandwidth 4146 3778
QUIC 2a00:79e1:abc:301:18d2:7b31:c60c:74c6 <-> 2001:19f0:5001:925:5400:1ff:fea6:5b54 d2677385-148c0dc17fccfe61721232d58e5889789d122c81 (59404:8444) at 1580832909560771 spinvalue up 0 responder packets 5 6 bytes 4146 3778 bandwidth 4146 3778
QUIC 2a00:79e1:abc:301:18d2:7b31:c60c:74c6 <-> 2001:19f0:5001:925:5400:1ff:fea6:5b54 d2677385-148c0dc17fccfe61721232d58e5889789d122c81 (59404:8444) at 1580832909561052 spinvalue up 0 responder packets 5 7 bytes 4146 4309 bandwidth 4146 4309
QUIC 2a00:79e1:abc:301:18d2:7b31:c60c:74c6 <-> 2001:19f0:5001:925:5400:1ff:fea6:5b54 d2677385-148c0dc17fccfe61721232d58e5889789d122c81 (59404:8444) at 1580832909561055 spinvalue up 0 responder packets 5 8 bytes 4146 4384 bandwidth 4146 4384
QUIC 2a00:79e1:abc:301:18d2:7b31:c60c:74c6 <-> 2001:19f0:5001:925:5400:1ff:fea6:5b54 d2677385-148c0dc17fccfe61721232d58e5889789d122c81 (59404:8444) at 1580832909562561 spinvalue up 0 responder packets 5 9 bytes 4146 4459 bandwidth 4146 4459
QUIC 2a00:79e1:abc:301:18d2:7b31:c60c:74c6 <-> 2001:19f0:5001:925:5400:1ff:fea6:5b54 d2677385-148c0dc17fccfe61721232d58e5889789d122c81 (59404:8444) at 1580832909568153 spinvalue up 1 initiator packets 5 10 bytes 4146 4599 bandwidth 4146 4599
QUIC 2a00:79e1:abc:301:18d2:7b31:c60c:74c6 <-> 2001:19f0:5001:925:5400:1ff:fea6:5b54 d2677385-148c0dc17fccfe61721232d58e5889789d122c81 (59404:8444) at 1580832909568905 spinvalue up 1 initiator packets 6 10 bytes 4239 4599 bandwidth 4239 4599
QUIC 2a00:79e1:abc:301:18d2:7b31:c60c:74c6 <-> 2001:19f0:5001:925:5400:1ff:fea6:5b54 d2677385-148c0dc17fccfe61721232d58e5889789d122c81 (59404:8444) at 1580832909586117 spinvalue up 0 responder packets 7 10 bytes 4328 4599 bandwidth 4328 4599
QUIC 2a00:79e1:abc:301:18d2:7b31:c60c:74c6 <-> 2001:19f0:5001:925:5400:1ff:fea6:5b54 d7bf748693e5fffe79134d5604e48a-null (59405:4433) at 1580832909824105 new starting packets 0 0 bytes 0 0
QUIC 2a00:79e1:abc:301:18d2:7b31:c60c:74c6 <-> 2001:19f0:5001:925:5400:1ff:fea6:5b54 d7bf748693e5fffe79134d5604e48a-e48a48fa0cd7bf (59405:4433) at 1580832909841878 change starting packets 1 0 bytes 1248 0 bandwidth 1248 0
QUIC 2a00:79e1:abc:301:18d2:7b31:c60c:74c6 <-> 2001:19f0:5001:925:5400:1ff:fea6:5b54 d7bf748693e5fffe79134d5604e48a-e48a48fa0cd7bf (59405:4433) at 1580832909841878 measurement starting right 17773 packets 1 0 bytes 1248 0 bandwidth 1248 0
QUIC 2a00:79e1:abc:301:18d2:7b31:c60c:74c6 <-> 2001:19f0:5001:925:5400:1ff:fea6:5b54 null-e48a48fa0cd7bf (59405:4433) at 1580832909843229 measurement starting left 1351 packets 1 1 bytes 1248 83 bandwidth 1248 83
QUIC 2a00:79e1:abc:301:18d2:7b31:c60c:74c6 <-> 2001:19f0:5001:925:5400:1ff:fea6:5b54 null-1418a7274f95b645145439189d9ed204670984f9 (59405:4433) at 1580832909862657 change starting packets 2 1 bytes 2496 83 bandwidth 2496 83
QUIC 2a00:79e1:abc:301:18d2:7b31:c60c:74c6 <-> 2001:19f0:5001:925:5400:1ff:fea6:5b54 null-1418a7274f95b645145439189d9ed204670984f9 (59405:4433) at 1580832909862657 measurement up right 19428 packets 2 1 bytes 2496 83 bandwidth 2496 83
QUIC 2a00:79e1:abc:301:18d2:7b31:c60c:74c6 <-> 2001:19f0:5001:925:5400:1ff:fea6:5b54 dd69e86b-1418a7274f95b645145439189d9ed204670984f9 (59405:4433) at 1580832909862905 packet up responder length 1244 packets 2 3 bytes 2496 1591 bandwidth 2496 1591
QUIC 2a00:79e1:abc:301:18d2:7b31:c60c:74c6 <-> 2001:19f0:5001:925:5400:1ff:fea6:5b54 dd69e86b-1418a7274f95b645145439189d9ed204670984f9 (59405:4433) at 1580832909863277 packet up responder length 1245 packets 2 4 bytes 2496 2836 bandwidth 2496 2836
QUIC 2a00:79e1:abc:301:18d2:7b31:c60c:74c6 <-> 2001:19f0:5001:925:5400:1ff:fea6:5b54 dd69e86b-1418a7274f95b645145439189d9ed204670984f9 (59405:4433) at 1580832909863581 packet up responder length 780 packets 2 5 bytes 2496 3616 bandwidth 2496 3616
QUIC 2a00:79e1:abc:301:18d2:7b31:c60c:74c6 <-> 2001:19f0:5001:925:5400:1ff:fea6:5b54 dd69e86b-1418a7274f95b645145439189d9ed204670984f9 (59405:4433) at 1580832909864191 packet up initiator length 104 packets 3 5 bytes 2600 3616 bandwidth 2600 3616
QUIC 2a00:79e1:abc:301:18d2:7b31:c60c:74c6 <-> 2001:19f0:5001:925:5400:1ff:fea6:5b54 dd69e86b-1418a7274f95b645145439189d9ed204670984f9 (59405:4433) at 1580832909865926 packet up initiator length 1398 packets 4 5 bytes 3998 3616 bandwidth 3998 3616
QUIC 2a00:79e1:abc:301:18d2:7b31:c60c:74c6 <-> 2001:19f0:5001:925:5400:1ff:fea6:5b54 dd69e86b-1418a7274f95b645145439189d9ed204670984f9 (59405:4433) at 1580832909882990 packet up responder length 102 packets 4 6 bytes 3998 3718 bandwidth 3998 3718
QUIC 2a00:79e1:abc:301:18d2:7b31:c60c:74c6 <-> 2001:19f0:5001:925:5400:1ff:fea6:5b54 dd69e86b-1418a7274f95b645145439189d9ed204670984f9 (59405:4433) at 1580832909882996 spinvalue up 0 responder packets 4 6 bytes 3998 3718 bandwidth 3998 3718
QUIC 2a00:79e1:abc:301:18d2:7b31:c60c:74c6 <-> 2001:19f0:5001:925:5400:1ff:fea6:5b54 dd69e86b-1418a7274f95b645145439189d9ed204670984f9 (59405:4433) at 1580832909890302 spinvalue up 0 initiator packets 4 7 bytes 3998 4258 bandwidth 3998 4258
QUIC 2a00:79e1:abc:301:18d2:7b31:c60c:74c6 <-> 2001:19f0:5001:925:5400:1ff:fea6:5b54 dd69e86b-1418a7274f95b645145439189d9ed204670984f9 (59405:4433) at 1580832909890606 spinvalue up 0 initiator packets 5 7 bytes 4089 4258 bandwidth 4089 4258
QUIC 2a00:79e1:abc:301:18d2:7b31:c60c:74c6 <-> 2001:19f0:5001:925:5400:1ff:fea6:5b54 dd69e86b-1418a7274f95b645145439189d9ed204670984f9 (59405:4433) at 1580832909936385 packet up responder length 101 packets 6 8 bytes 4178 4359 bandwidth 4178 4359
QUIC 2a00:79e1:abc:301:18d2:7b31:c60c:74c6 <-> 2001:19f0:5001:925:5400:1ff:fea6:5b54 dd69e86b-1418a7274f95b645145439189d9ed204670984f9 (59405:4433) at 1580832909936394 packet up responder length 101 packets 6 9 bytes 4178 4460 bandwidth 4178 4460
QUIC 2a00:79e1:abc:301:18d2:7b31:c60c:74c6 <-> 2001:19f0:5001:925:5400:1ff:fea6:5b54 dd69e86b-1418a7274f95b645145439189d9ed204670984f9 (59405:4433) at 1580832909937416 packet up initiator length 106 packets 7 9 bytes 4284 4460 bandwidth 4284 4460
QUIC 2a00:79e1:abc:301:18d2:7b31:c60c:74c6 <-> 2001:19f0:5001:925:5400:1ff:fea6:5b54 dd69e86b-1418a7274f95b645145439189d9ed204670984f9 (59405:4433) at 1580832909955110 spinvalue up 0 responder packets 7 9 bytes 4284 4460 bandwidth 4284 4460
QUIC 2a00:79e1:abc:301:18d2:7b31:c60c:74c6 <-> 2001:19f0:5001:925:5400:1ff:fea6:5b54 6c49ca7d83-e74e652e (59406:4433) at 1580832910137836 new starting packets 0 0 bytes 0 0
QUIC 2a00:79e1:abc:301:18d2:7b31:c60c:74c6 <-> 2001:19f0:5001:925:5400:1ff:fea6:5b54 6c49ca7d83-e74e652e (59406:4433) at 1580832910137837 packet starting initiator length 1248 packets 2 0 bytes 2528 0 bandwidth 2528 0
QUIC 2a00:79e1:abc:301:18d2:7b31:c60c:74c6 <-> 2001:19f0:5001:925:5400:1ff:fea6:5b54 6c49ca7d83-ef1fb48012e74e (59406:4433) at 1580832910154680 change starting packets 2 0 bytes 2528 0 bandwidth 2528 0
QUIC 2a00:79e1:abc:301:18d2:7b31:c60c:74c6 <-> 2001:19f0:5001:925:5400:1ff:fea6:5b54 6c49ca7d83-ef1fb48012e74e (59406:4433) at 1580832910154680 measurement starting right 16843 packets 2 0 bytes 2528 0 bandwidth 2528 0
QUIC 2a00:79e1:abc:301:18d2:7b31:c60c:74c6 <-> 2001:19f0:5001:925:5400:1ff:fea6:5b54 null-ef1fb48012e74e (59406:4433) at 1580832910155955 measurement starting left 1275 packets 2 1 bytes 2528 89 bandwidth 2528 89
QUIC 2a00:79e1:abc:301:18d2:7b31:c60c:74c6 <-> 2001:19f0:5001:925:5400:1ff:fea6:5b54 null-ef1fb48012e74e (59406:4433) at 1580832910155956 measurement starting left 1276 packets 3 1 bytes 3808 89 bandwidth 3808 89
QUIC 2a00:79e1:abc:301:18d2:7b31:c60c:74c6 <-> 2001:19f0:5001:925:5400:1ff:fea6:5b54 null-ef1fb48012e74e (59406:4433) at 1580832910156737 measurement starting right 781 packets 4 1 bytes 5056 89 bandwidth 5056 89
QUIC 2a00:79e1:abc:301:18d2:7b31:c60c:74c6 <-> 2001:19f0:5001:925:5400:1ff:fea6:5b54 null-143fd226eebe99d82b69eeee9d6d0f5b908fac85 (59406:4433) at 1580832910174514 change starting packets 4 2 bytes 5056 178 bandwidth 5056 178
QUIC 2a00:79e1:abc:301:18d2:7b31:c60c:74c6 <-> 2001:19f0:5001:925:5400:1ff:fea6:5b54 null-143fd226eebe99d82b69eeee9d6d0f5b908fac85 (59406:4433) at 1580832910174514 measurement up right 18558 packets 4 2 bytes 5056 178 bandwidth 5056 178
QUIC 2a00:79e1:abc:301:18d2:7b31:c60c:74c6 <-> 2001:19f0:5001:925:5400:1ff:fea6:5b54 84297d33-143fd226eebe99d82b69eeee9d6d0f5b908fac85 (59406:4433) at 1580832910174520 packet up responder length 1244 packets 4 4 bytes 5056 1686 bandwidth 5056 1686
QUIC 2a00:79e1:abc:301:18d2:7b31:c60c:74c6 <-> 2001:19f0:5001:925:5400:1ff:fea6:5b54 84297d33-143fd226eebe99d82b69eeee9d6d0f5b908fac85 (59406:4433) at 1580832910175287 packet up responder length 1245 packets 4 5 bytes 5056 2931 bandwidth 5056 2931
QUIC 2a00:79e1:abc:301:18d2:7b31:c60c:74c6 <-> 2001:19f0:5001:925:5400:1ff:fea6:5b54 84297d33-143fd226eebe99d82b69eeee9d6d0f5b908fac85 (59406:4433) at 1580832910176178 packet up responder length 780 packets 4 6 bytes 5056 3711 bandwidth 5056 3711
QUIC 2a00:79e1:abc:301:18d2:7b31:c60c:74c6 <-> 2001:19f0:5001:925:5400:1ff:fea6:5b54 84297d33-143fd226eebe99d82b69eeee9d6d0f5b908fac85 (59406:4433) at 1580832910176416 packet up initiator length 104 packets 5 6 bytes 5160 3711 bandwidth 5160 3711
QUIC 2a00:79e1:abc:301:18d2:7b31:c60c:74c6 <-> 2001:19f0:5001:925:5400:1ff:fea6:5b54 84297d33-143fd226eebe99d82b69eeee9d6d0f5b908fac85 (59406:4433) at 1580832910176723 packet up initiator length 103 packets 6 6 bytes 5263 3711 bandwidth 5263 3711
QUIC 2a00:79e1:abc:301:18d2:7b31:c60c:74c6 <-> 2001:19f0:5001:925:5400:1ff:fea6:5b54 84297d33-143fd226eebe99d82b69eeee9d6d0f5b908fac85 (59406:4433) at 1580832910177685 packet up initiator length 1398 packets 7 6 bytes 6661 3711 bandwidth 6661 3711
QUIC 2a00:79e1:abc:301:18d2:7b31:c60c:74c6 <-> 2001:19f0:5001:925:5400:1ff:fea6:5b54 84297d33-143fd226eebe99d82b69eeee9d6d0f5b908fac85 (59406:4433) at 1580832910194456 packet up responder length 102 packets 7 7 bytes 6661 3813 bandwidth 6661 3813
QUIC 2a00:79e1:abc:301:18d2:7b31:c60c:74c6 <-> 2001:19f0:5001:925:5400:1ff:fea6:5b54 84297d33-143fd226eebe99d82b69eeee9d6d0f5b908fac85 (59406:4433) at 1580832910194460 spinvalue up 0 responder packets 7 7 bytes 6661 3813 bandwidth 6661 3813
QUIC 2a00:79e1:abc:301:18d2:7b31:c60c:74c6 <-> 2001:19f0:5001:925:5400:1ff:fea6:5b54 84297d33-143fd226eebe99d82b69eeee9d6d0f5b908fac85 (59406:4433) at 1580832910196135 spinvalue up 0 initiator packets 7 8 bytes 6661 4353 bandwidth 6661 4353
QUIC 2a00:79e1:abc:301:18d2:7b31:c60c:74c6 <-> 2001:19f0:5001:925:5400:1ff:fea6:5b54 84297d33-143fd226eebe99d82b69eeee9d6d0f5b908fac85 (59406:4433) at 1580832910196600 spinvalue up 0 initiator packets 8 8 bytes 6752 4353 bandwidth 6752 4353
