SCTP 10.0.2.5 <-> 10.0.2.5 3455794611:0 (33363:62324) at 1581329892995723 new starting packets 1 0 bytes 68 0 bandwidth 68 0
SCTP 127.0.0.1 <-> 127.0.0.1 2290022628:0 (52542:62324) at 1581329896033725 new starting packets 1 0 bytes 84 0 bandwidth 84 0
SCTP 10.0.2.5 <-> 10.0.2.5 3455794611:2370241070 (33363:62324) at 1581329897996785 measurement up right 19 packets 3 2 bytes 396 328 bandwidth 332 328
SCTP 10.0.2.5 <-> 10.0.2.5 3455794611:2370241070 (33363:62324) at 1581329897996867 measurement up left 8 packets 3 4 bytes 396 440 bandwidth 332 328
SCTP 127.0.0.1 <-> 127.0.0.1 2290022628:2870338105 (52542:62324) at 1581329901034172 measurement up right 18 packets 3 2 bytes 444 376 bandwidth 380 376
SCTP 127.0.0.1 <-> 127.0.0.1 2290022628:2870338105 (52542:62324) at 1581329901034238 measurement up left 7 packets 3 4 bytes 444 488 bandwidth 380 376
