ICMP 31.133.149.35 <-> 212.16.98.51 65470 at 1553417873728020 measurement starting right 37975 packets 1 0 bytes 84 0 bandwidth 84 0
ICMP 31.133.149.35 <-> 212.16.98.51 65470 at 1553417874732523 measurement starting right 37859 packets 2 1 bytes 168 84 bandwidth 84 84
ICMP 31.133.149.35 <-> 212.16.98.51 65470 at delete starting packets 2 1 bytes 168 84 bandwidth 84 84
