SCTP 127.0.0.1 <-> 127.0.0.1 502339778:0 (60782:62324) at 1581069557459390 new starting packets 1 0 bytes 84 0 bandwidth 84 0
SCTP 127.0.0.1 <-> 127.0.0.1 502339778:1079218523 (60782:62324) at 1581069557459633 measurement up right 12 packets 3 2 bytes 444 376 bandwidth 444 376
SCTP 127.0.0.1 <-> 127.0.0.1 502339778:1079218523 (60782:62324) at 1581069557459758 measurement up left 82 packets 3 4 bytes 444 488 bandwidth 444 488
