SCTP 10.0.2.4 <-> 10.0.2.4 752068035:0 (37164:62324) at 1577108139309579 new starting packets 1 0 bytes 68 0 bandwidth 68 0
SCTP 10.0.2.4 <-> 10.0.2.4 752068035:281270461 (37164:62324) at 1577108139309793 measurement up right 11 packets 3 2 bytes 396 328 bandwidth 396 328
SCTP 10.0.2.4 <-> 10.0.2.4 752068035:281270461 (37164:62324) at 1577108139309903 measurement up left 72 packets 3 4 bytes 396 440 bandwidth 396 440
SCTP 10.0.2.4 <-> 10.0.2.4 752068035:281270461 (37164:62324) at 1577108174230168 measurement up right 118 packets 5 5 bytes 528 524 bandwidth 444 440
SCTP 10.0.2.4 <-> 10.0.2.4 752068035:281270461 (37164:62324) at 1577108174230173 measurement up left 16 packets 5 6 bytes 528 608 bandwidth 444 440
