QUIC 172.20.10.6 <-> 52.58.13.57 f4f51c2a-35bd7f1b1ceb29d62e3227ab6c6b (49623:4433) at 1554975101813067 new starting packets 0 0 bytes 0 0
QUIC 172.20.10.6 <-> 52.58.13.57 f4f51c2a-a150f23a0d078a69 (49623:4433) at 1554975101966715 change starting packets 1 0 bytes 1228 0 bandwidth 1228 0
QUIC 172.20.10.6 <-> 52.58.13.57 f4f51c2a-a150f23a0d078a69 (49623:4433) at 1554975101966715 measurement up right 153648 packets 1 0 bytes 1228 0 bandwidth 1228 0
