[
{ "Event": "new", "Type": "QUIC", "Addrs": ["31.133.154.150","52.58.13.57"], "Session": "04cb320e-19f7c8ac13d29b0d16cee1ab691b75a60d612a (63595:4433)", "Ts": 1563666192940022, "State": "Starting", "Packets1": 0, "Packets2": 0, "Bytes1": 0, "Bytes2": 0 },
{ "Event": "change", "Type": "QUIC", "Addrs": ["31.133.154.150","52.58.13.57"], "Session": "04cb320e-0851690e871d1755 (63595:4433)", "Ts": 1563666193058111, "State": "Starting", "Packets1": 1, "Packets2": 0, "Bytes1": 1228, "Bytes2": 0, "Bandwidth1": 1228, "Bandwidth2": 0 },
{ "Event": "measurement", "Type": "QUIC", "Addrs": ["31.133.154.150","52.58.13.57"], "Session": "04cb320e-0851690e871d1755 (63595:4433)", "Ts": 1563666193058111, "State": "Up", "Right_rtt": 118089, "Packets1": 1, "Packets2": 0, "Bytes1": 1228, "Bytes2": 0, "Bandwidth1": 1228, "Bandwidth2": 0 },
{ "Event": "spinvalue", "Type": "QUIC", "Addrs": ["31.133.154.150","52.58.13.57"], "Session": "cb320eb4-0851690e871d1755 (63595:4433)", "Ts": 1563666193058118, "State": "Up", "Value": 0, "Who": "responder", "Packets1": 1, "Packets2": 1, "Bytes1": 1228, "Bytes2": 413, "Bandwidth1": 1228, "Bandwidth2": 413 },
{ "Event": "spinvalue", "Type": "QUIC", "Addrs": ["31.133.154.150","52.58.13.57"], "Session": "cb320eb4-0851690e871d1755 (63595:4433)", "Ts": 1563666193063008, "State": "Up", "Value": 0, "Who": "initiator", "Packets1": 2, "Packets2": 2, "Bytes1": 1372, "Bytes2": 744, "Bandwidth1": 1372, "Bandwidth2": 744 },
{ "Event": "spinvalue", "Type": "QUIC", "Addrs": ["31.133.154.150","52.58.13.57"], "Session": "a5329ef0-0851690e871d1755 (63595:4433)", "Ts": 1563666193169826, "State": "Up", "Value": 0, "Who": "responder", "Packets1": 3, "Packets2": 3, "Bytes1": 1455, "Bytes2": 815, "Bandwidth1": 1455, "Bandwidth2": 815 },
{ "Event": "spinvalue", "Type": "QUIC", "Addrs": ["31.133.154.150","52.58.13.57"], "Session": "a5329ef0-0851690e871d1755 (63595:4433)", "Ts": 1563666193170080, "State": "Up", "Value": 0, "Who": "responder", "Packets1": 3, "Packets2": 4, "Bytes1": 1455, "Bytes2": 2095, "Bandwidth1": 1455, "Bandwidth2": 2095 },
{ "Event": "spinvalue", "Type": "QUIC", "Addrs": ["31.133.154.150","52.58.13.57"], "Session": "a5329ef0-0851690e871d1755 (63595:4433)", "Ts": 1563666193170284, "State": "Up", "Value": 0, "Who": "responder", "Packets1": 3, "Packets2": 5, "Bytes1": 1455, "Bytes2": 3375, "Bandwidth1": 1455, "Bandwidth2": 3375 },
{ "Event": "spinvalue", "Type": "QUIC", "Addrs": ["31.133.154.150","52.58.13.57"], "Session": "a5329ef0-0851690e871d1755 (63595:4433)", "Ts": 1563666193170502, "State": "Up", "Value": 0, "Who": "responder", "Packets1": 3, "Packets2": 6, "Bytes1": 1455, "Bytes2": 4655, "Bandwidth1": 1455, "Bandwidth2": 4655 },
{ "Event": "spinvalue", "Type": "QUIC", "Addrs": ["31.133.154.150","52.58.13.57"], "Session": "a5329ef0-0851690e871d1755 (63595:4433)", "Ts": 1563666193171004, "State": "Up", "Value": 0, "Who": "responder", "Packets1": 3, "Packets2": 7, "Bytes1": 1455, "Bytes2": 5935, "Bandwidth1": 1455, "Bandwidth2": 5935 },
{ "Event": "spinvalue", "Type": "QUIC", "Addrs": ["31.133.154.150","52.58.13.57"], "Session": "a5329ef0-0851690e871d1755 (63595:4433)", "Ts": 1563666193171256, "State": "Up", "Value": 0, "Who": "responder", "Packets1": 3, "Packets2": 8, "Bytes1": 1455, "Bytes2": 7215, "Bandwidth1": 1455, "Bandwidth2": 7215 },
{ "Event": "spinvalue", "Type": "QUIC", "Addrs": ["31.133.154.150","52.58.13.57"], "Session": "a5329ef0-0851690e871d1755 (63595:4433)", "Ts": 1563666193171527, "State": "Up", "Value": 0, "Who": "responder", "Packets1": 3, "Packets2": 9, "Bytes1": 1455, "Bytes2": 8495, "Bandwidth1": 1455, "Bandwidth2": 8495 },
{ "Event": "spinvalue", "Type": "QUIC", "Addrs": ["31.133.154.150","52.58.13.57"], "Session": "a5329ef0-0851690e871d1755 (63595:4433)", "Ts": 1563666193171738, "State": "Up", "Value": 0, "Who": "responder", "Packets1": 3, "Packets2": 10, "Bytes1": 1455, "Bytes2": 9775, "Bandwidth1": 1455, "Bandwidth2": 9775 },
{ "Event": "spinvalue", "Type": "QUIC", "Addrs": ["31.133.154.150","52.58.13.57"], "Session": "a5329ef0-0851690e871d1755 (63595:4433)", "Ts": 1563666193171946, "State": "Up", "Value": 0, "Who": "responder", "Packets1": 3, "Packets2": 11, "Bytes1": 1455, "Bytes2": 11055, "Bandwidth1": 1455, "Bandwidth2": 11055 },
{ "Event": "spinvalue", "Type": "QUIC", "Addrs": ["31.133.154.150","52.58.13.57"], "Session": "a5329ef0-0851690e871d1755 (63595:4433)", "Ts": 1563666193172183, "State": "Up", "Value": 0, "Who": "responder", "Packets1": 3, "Packets2": 12, "Bytes1": 1455, "Bytes2": 12335, "Bandwidth1": 1455, "Bandwidth2": 12335 },
{ "Event": "spinvalue", "Type": "QUIC", "Addrs": ["31.133.154.150","52.58.13.57"], "Session": "a5329ef0-0851690e871d1755 (63595:4433)", "Ts": 1563666193172555, "State": "Up", "Value": 1, "Who": "initiator", "Packets1": 3, "Packets2": 13, "Bytes1": 1455, "Bytes2": 13615, "Bandwidth1": 1455, "Bandwidth2": 13615 },
{ "Event": "spinvalue", "Type": "QUIC", "Addrs": ["31.133.154.150","52.58.13.57"], "Session": "a5329ef0-0851690e871d1755 (63595:4433)", "Ts": 1563666193176243, "State": "Up", "Value": 1, "Who": "initiator", "Packets1": 4, "Packets2": 13, "Bytes1": 1540, "Bytes2": 13615, "Bandwidth1": 1540, "Bandwidth2": 13615 },
{ "Event": "spinvalue", "Type": "QUIC", "Addrs": ["31.133.154.150","52.58.13.57"], "Session": "a5329ef0-0851690e871d1755 (63595:4433)", "Ts": 1563666193280295, "State": "Up", "Value": 1, "Who": "responder", "Packets1": 5, "Packets2": 13, "Bytes1": 1599, "Bytes2": 13615, "Bandwidth1": 1599, "Bandwidth2": 13615 },
{ "Event": "measurement", "Type": "QUIC", "Addrs": ["31.133.154.150","52.58.13.57"], "Session": "a5329ef0-0851690e871d1755 (63595:4433)", "Ts": 1563666193280295, "State": "Up", "Right_rtt": 107740, "Packets1": 5, "Packets2": 13, "Bytes1": 1599, "Bytes2": 13615, "Bandwidth1": 1599, "Bandwidth2": 13615 },
{ "Event": "spinvalue", "Type": "QUIC", "Addrs": ["31.133.154.150","52.58.13.57"], "Session": "a5329ef0-0851690e871d1755 (63595:4433)", "Ts": 1563666193280300, "State": "Up", "Value": 1, "Who": "responder", "Packets1": 5, "Packets2": 14, "Bytes1": 1599, "Bytes2": 14895, "Bandwidth1": 1599, "Bandwidth2": 14895 },
{ "Event": "spinvalue", "Type": "QUIC", "Addrs": ["31.133.154.150","52.58.13.57"], "Session": "a5329ef0-0851690e871d1755 (63595:4433)", "Ts": 1563666193280729, "State": "Up", "Value": 1, "Who": "responder", "Packets1": 5, "Packets2": 15, "Bytes1": 1599, "Bytes2": 16175, "Bandwidth1": 1599, "Bandwidth2": 16175 },
{ "Event": "spinvalue", "Type": "QUIC", "Addrs": ["31.133.154.150","52.58.13.57"], "Session": "a5329ef0-0851690e871d1755 (63595:4433)", "Ts": 1563666193280935, "State": "Up", "Value": 1, "Who": "responder", "Packets1": 5, "Packets2": 16, "Bytes1": 1599, "Bytes2": 17455, "Bandwidth1": 1599, "Bandwidth2": 17455 },
{ "Event": "spinvalue", "Type": "QUIC", "Addrs": ["31.133.154.150","52.58.13.57"], "Session": "a5329ef0-0851690e871d1755 (63595:4433)", "Ts": 1563666193281197, "State": "Up", "Value": 1, "Who": "responder", "Packets1": 5, "Packets2": 17, "Bytes1": 1599, "Bytes2": 18735, "Bandwidth1": 1599, "Bandwidth2": 18735 },
{ "Event": "spinvalue", "Type": "QUIC", "Addrs": ["31.133.154.150","52.58.13.57"], "Session": "a5329ef0-0851690e871d1755 (63595:4433)", "Ts": 1563666193281463, "State": "Up", "Value": 1, "Who": "responder", "Packets1": 5, "Packets2": 18, "Bytes1": 1599, "Bytes2": 20015, "Bandwidth1": 1599, "Bandwidth2": 20015 },
{ "Event": "spinvalue", "Type": "QUIC", "Addrs": ["31.133.154.150","52.58.13.57"], "Session": "a5329ef0-0851690e871d1755 (63595:4433)", "Ts": 1563666193281696, "State": "Up", "Value": 1, "Who": "responder", "Packets1": 5, "Packets2": 19, "Bytes1": 1599, "Bytes2": 21295, "Bandwidth1": 1599, "Bandwidth2": 21295 },
{ "Event": "spinvalue", "Type": "QUIC", "Addrs": ["31.133.154.150","52.58.13.57"], "Session": "a5329ef0-0851690e871d1755 (63595:4433)", "Ts": 1563666193281930, "State": "Up", "Value": 1, "Who": "responder", "Packets1": 5, "Packets2": 20, "Bytes1": 1599, "Bytes2": 22575, "Bandwidth1": 1599, "Bandwidth2": 22575 },
{ "Event": "spinvalue", "Type": "QUIC", "Addrs": ["31.133.154.150","52.58.13.57"], "Session": "a5329ef0-0851690e871d1755 (63595:4433)", "Ts": 1563666193282646, "State": "Up", "Value": 1, "Who": "responder", "Packets1": 5, "Packets2": 21, "Bytes1": 1599, "Bytes2": 23855, "Bandwidth1": 1599, "Bandwidth2": 23855 },
{ "Event": "spinvalue", "Type": "QUIC", "Addrs": ["31.133.154.150","52.58.13.57"], "Session": "a5329ef0-0851690e871d1755 (63595:4433)", "Ts": 1563666193282664, "State": "Up", "Value": 0, "Who": "initiator", "Packets1": 5, "Packets2": 22, "Bytes1": 1599, "Bytes2": 25135, "Bandwidth1": 1599, "Bandwidth2": 25135 },
{ "Event": "measurement", "Type": "QUIC", "Addrs": ["31.133.154.150","52.58.13.57"], "Session": "a5329ef0-0851690e871d1755 (63595:4433)", "Ts": 1563666193282664, "State": "Up", "Left_rtt": 2369, "Packets1": 5, "Packets2": 22, "Bytes1": 1599, "Bytes2": 25135, "Bandwidth1": 1599, "Bandwidth2": 25135 },
{ "Event": "measurement", "Type": "QUIC", "Addrs": ["31.133.154.150","52.58.13.57"], "Session": "a5329ef0-0851690e871d1755 (63595:4433)", "Ts": 1563666193282664, "State": "Up", "Full_rtt_initiator": 110109, "Packets1": 5, "Packets2": 22, "Bytes1": 1599, "Bytes2": 25135, "Bandwidth1": 1599, "Bandwidth2": 25135 },
{ "Event": "spinvalue", "Type": "QUIC", "Addrs": ["31.133.154.150","52.58.13.57"], "Session": "a5329ef0-0851690e871d1755 (63595:4433)", "Ts": 1563666193282870, "State": "Up", "Value": 1, "Who": "responder", "Packets1": 6, "Packets2": 22, "Bytes1": 1658, "Bytes2": 25135, "Bandwidth1": 1658, "Bandwidth2": 25135 },
{ "Event": "spinvalue", "Type": "QUIC", "Addrs": ["31.133.154.150","52.58.13.57"], "Session": "a5329ef0-0851690e871d1755 (63595:4433)", "Ts": 1563666193283114, "State": "Up", "Value": 1, "Who": "responder", "Packets1": 6, "Packets2": 23, "Bytes1": 1658, "Bytes2": 26415, "Bandwidth1": 1658, "Bandwidth2": 26415 },
{ "Event": "spinvalue", "Type": "QUIC", "Addrs": ["31.133.154.150","52.58.13.57"], "Session": "a5329ef0-0851690e871d1755 (63595:4433)", "Ts": 1563666193283342, "State": "Up", "Value": 1, "Who": "responder", "Packets1": 6, "Packets2": 24, "Bytes1": 1658, "Bytes2": 27695, "Bandwidth1": 1658, "Bandwidth2": 27695 },
{ "Event": "spinvalue", "Type": "QUIC", "Addrs": ["31.133.154.150","52.58.13.57"], "Session": "a5329ef0-0851690e871d1755 (63595:4433)", "Ts": 1563666193283563, "State": "Up", "Value": 1, "Who": "responder", "Packets1": 6, "Packets2": 25, "Bytes1": 1658, "Bytes2": 28975, "Bandwidth1": 1658, "Bandwidth2": 28975 },
{ "Event": "spinvalue", "Type": "QUIC", "Addrs": ["31.133.154.150","52.58.13.57"], "Session": "a5329ef0-0851690e871d1755 (63595:4433)", "Ts": 1563666193283888, "State": "Up", "Value": 1, "Who": "responder", "Packets1": 6, "Packets2": 26, "Bytes1": 1658, "Bytes2": 30255, "Bandwidth1": 1658, "Bandwidth2": 30255 },
{ "Event": "spinvalue", "Type": "QUIC", "Addrs": ["31.133.154.150","52.58.13.57"], "Session": "a5329ef0-0851690e871d1755 (63595:4433)", "Ts": 1563666193284043, "State": "Up", "Value": 1, "Who": "responder", "Packets1": 6, "Packets2": 27, "Bytes1": 1658, "Bytes2": 31535, "Bandwidth1": 1658, "Bandwidth2": 31535 },
{ "Event": "spinvalue", "Type": "QUIC", "Addrs": ["31.133.154.150","52.58.13.57"], "Session": "a5329ef0-0851690e871d1755 (63595:4433)", "Ts": 1563666193284344, "State": "Up", "Value": 1, "Who": "responder", "Packets1": 6, "Packets2": 28, "Bytes1": 1658, "Bytes2": 32815, "Bandwidth1": 1658, "Bandwidth2": 32815 },
{ "Event": "spinvalue", "Type": "QUIC", "Addrs": ["31.133.154.150","52.58.13.57"], "Session": "a5329ef0-0851690e871d1755 (63595:4433)", "Ts": 1563666193284569, "State": "Up", "Value": 1, "Who": "responder", "Packets1": 6, "Packets2": 29, "Bytes1": 1658, "Bytes2": 34095, "Bandwidth1": 1658, "Bandwidth2": 34095 },
{ "Event": "spinvalue", "Type": "QUIC", "Addrs": ["31.133.154.150","52.58.13.57"], "Session": "a5329ef0-0851690e871d1755 (63595:4433)", "Ts": 1563666193284838, "State": "Up", "Value": 1, "Who": "responder", "Packets1": 6, "Packets2": 30, "Bytes1": 1658, "Bytes2": 35375, "Bandwidth1": 1658, "Bandwidth2": 35375 },
{ "Event": "spinvalue", "Type": "QUIC", "Addrs": ["31.133.154.150","52.58.13.57"], "Session": "a5329ef0-0851690e871d1755 (63595:4433)", "Ts": 1563666193285038, "State": "Up", "Value": 1, "Who": "responder", "Packets1": 6, "Packets2": 31, "Bytes1": 1658, "Bytes2": 36655, "Bandwidth1": 1658, "Bandwidth2": 36655 },
{ "Event": "spinvalue", "Type": "QUIC", "Addrs": ["31.133.154.150","52.58.13.57"], "Session": "a5329ef0-0851690e871d1755 (63595:4433)", "Ts": 1563666193285287, "State": "Up", "Value": 1, "Who": "responder", "Packets1": 6, "Packets2": 32, "Bytes1": 1658, "Bytes2": 37935, "Bandwidth1": 1658, "Bandwidth2": 37935 },
{ "Event": "spinvalue", "Type": "QUIC", "Addrs": ["31.133.154.150","52.58.13.57"], "Session": "a5329ef0-0851690e871d1755 (63595:4433)", "Ts": 1563666193287613, "State": "Up", "Value": 0, "Who": "initiator", "Packets1": 6, "Packets2": 33, "Bytes1": 1658, "Bytes2": 39215, "Bandwidth1": 1658, "Bandwidth2": 39215 },
{ "Event": "spinvalue", "Type": "QUIC", "Addrs": ["31.133.154.150","52.58.13.57"], "Session": "a5329ef0-0851690e871d1755 (63595:4433)", "Ts": 1563666193297394, "State": "Up", "Value": 0, "Who": "initiator", "Packets1": 7, "Packets2": 33, "Bytes1": 1717, "Bytes2": 39215, "Bandwidth1": 1717, "Bandwidth2": 39215 },
{ "Event": "spinvalue", "Type": "QUIC", "Addrs": ["31.133.154.150","52.58.13.57"], "Session": "a5329ef0-0851690e871d1755 (63595:4433)", "Ts": 1563666193391821, "State": "Up", "Value": 0, "Who": "responder", "Packets1": 8, "Packets2": 33, "Bytes1": 1782, "Bytes2": 39215, "Bandwidth1": 1782, "Bandwidth2": 39215 },
{ "Event": "measurement", "Type": "QUIC", "Addrs": ["31.133.154.150","52.58.13.57"], "Session": "a5329ef0-0851690e871d1755 (63595:4433)", "Ts": 1563666193391821, "State": "Up", "Right_rtt": 109157, "Packets1": 8, "Packets2": 33, "Bytes1": 1782, "Bytes2": 39215, "Bandwidth1": 1782, "Bandwidth2": 39215 },
{ "Event": "measurement", "Type": "QUIC", "Addrs": ["31.133.154.150","52.58.13.57"], "Session": "a5329ef0-0851690e871d1755 (63595:4433)", "Ts": 1563666193391821, "State": "Up", "Full_rtt_responder": 111526, "Packets1": 8, "Packets2": 33, "Bytes1": 1782, "Bytes2": 39215, "Bandwidth1": 1782, "Bandwidth2": 39215 },
{ "Event": "spinvalue", "Type": "QUIC", "Addrs": ["31.133.154.150","52.58.13.57"], "Session": "a5329ef0-0851690e871d1755 (63595:4433)", "Ts": 1563666193392032, "State": "Up", "Value": 0, "Who": "responder", "Packets1": 8, "Packets2": 34, "Bytes1": 1782, "Bytes2": 40495, "Bandwidth1": 1782, "Bandwidth2": 40495 },
{ "Event": "spinvalue", "Type": "QUIC", "Addrs": ["31.133.154.150","52.58.13.57"], "Session": "a5329ef0-0851690e871d1755 (63595:4433)", "Ts": 1563666193392337, "State": "Up", "Value": 0, "Who": "responder", "Packets1": 8, "Packets2": 35, "Bytes1": 1782, "Bytes2": 41775, "Bandwidth1": 1782, "Bandwidth2": 41775 },
{ "Event": "spinvalue", "Type": "QUIC", "Addrs": ["31.133.154.150","52.58.13.57"], "Session": "a5329ef0-0851690e871d1755 (63595:4433)", "Ts": 1563666193392342, "State": "Up", "Value": 0, "Who": "responder", "Packets1": 8, "Packets2": 36, "Bytes1": 1782, "Bytes2": 43055, "Bandwidth1": 1782, "Bandwidth2": 43055 },
{ "Event": "spinvalue", "Type": "QUIC", "Addrs": ["31.133.154.150","52.58.13.57"], "Session": "a5329ef0-0851690e871d1755 (63595:4433)", "Ts": 1563666193395736, "State": "Up", "Value": 1, "Who": "initiator", "Packets1": 8, "Packets2": 37, "Bytes1": 1782, "Bytes2": 44335, "Bandwidth1": 1782, "Bandwidth2": 44335 },
{ "Event": "measurement", "Type": "QUIC", "Addrs": ["31.133.154.150","52.58.13.57"], "Session": "a5329ef0-0851690e871d1755 (63595:4433)", "Ts": 1563666193395736, "State": "Up", "Left_rtt": 3915, "Packets1": 8, "Packets2": 37, "Bytes1": 1782, "Bytes2": 44335, "Bandwidth1": 1782, "Bandwidth2": 44335 },
{ "Event": "measurement", "Type": "QUIC", "Addrs": ["31.133.154.150","52.58.13.57"], "Session": "a5329ef0-0851690e871d1755 (63595:4433)", "Ts": 1563666193395736, "State": "Up", "Full_rtt_initiator": 113072, "Packets1": 8, "Packets2": 37, "Bytes1": 1782, "Bytes2": 44335, "Bandwidth1": 1782, "Bandwidth2": 44335 },
{ "Event": "spinvalue", "Type": "QUIC", "Addrs": ["31.133.154.150","52.58.13.57"], "Session": "a5329ef0-0851690e871d1755 (63595:4433)", "Ts": 1563666193396141, "State": "Up", "Value": 0, "Who": "responder", "Packets1": 9, "Packets2": 37, "Bytes1": 1841, "Bytes2": 44335, "Bandwidth1": 1841, "Bandwidth2": 44335 },
{ "Event": "spinvalue", "Type": "QUIC", "Addrs": ["31.133.154.150","52.58.13.57"], "Session": "a5329ef0-0851690e871d1755 (63595:4433)", "Ts": 1563666193396143, "State": "Up", "Value": 0, "Who": "responder", "Packets1": 9, "Packets2": 38, "Bytes1": 1841, "Bytes2": 45615, "Bandwidth1": 1841, "Bandwidth2": 45615 },
{ "Event": "spinvalue", "Type": "QUIC", "Addrs": ["31.133.154.150","52.58.13.57"], "Session": "a5329ef0-0851690e871d1755 (63595:4433)", "Ts": 1563666193396510, "State": "Up", "Value": 0, "Who": "responder", "Packets1": 9, "Packets2": 39, "Bytes1": 1841, "Bytes2": 46895, "Bandwidth1": 1841, "Bandwidth2": 46895 },
{ "Event": "spinvalue", "Type": "QUIC", "Addrs": ["31.133.154.150","52.58.13.57"], "Session": "a5329ef0-0851690e871d1755 (63595:4433)", "Ts": 1563666193396796, "State": "Up", "Value": 0, "Who": "responder", "Packets1": 9, "Packets2": 40, "Bytes1": 1841, "Bytes2": 48175, "Bandwidth1": 1841, "Bandwidth2": 48175 },
{ "Event": "spinvalue", "Type": "QUIC", "Addrs": ["31.133.154.150","52.58.13.57"], "Session": "a5329ef0-0851690e871d1755 (63595:4433)", "Ts": 1563666193397021, "State": "Up", "Value": 0, "Who": "responder", "Packets1": 9, "Packets2": 41, "Bytes1": 1841, "Bytes2": 49455, "Bandwidth1": 1841, "Bandwidth2": 49455 },
{ "Event": "spinvalue", "Type": "QUIC", "Addrs": ["31.133.154.150","52.58.13.57"], "Session": "a5329ef0-0851690e871d1755 (63595:4433)", "Ts": 1563666193397296, "State": "Up", "Value": 0, "Who": "responder", "Packets1": 9, "Packets2": 42, "Bytes1": 1841, "Bytes2": 50735, "Bandwidth1": 1841, "Bandwidth2": 50735 },
{ "Event": "spinvalue", "Type": "QUIC", "Addrs": ["31.133.154.150","52.58.13.57"], "Session": "a5329ef0-0851690e871d1755 (63595:4433)", "Ts": 1563666193397519, "State": "Up", "Value": 0, "Who": "responder", "Packets1": 9, "Packets2": 43, "Bytes1": 1841, "Bytes2": 52015, "Bandwidth1": 1841, "Bandwidth2": 52015 },
{ "Event": "spinvalue", "Type": "QUIC", "Addrs": ["31.133.154.150","52.58.13.57"], "Session": "a5329ef0-0851690e871d1755 (63595:4433)", "Ts": 1563666193397744, "State": "Up", "Value": 0, "Who": "responder", "Packets1": 9, "Packets2": 44, "Bytes1": 1841, "Bytes2": 53295, "Bandwidth1": 1841, "Bandwidth2": 53295 },
{ "Event": "spinvalue", "Type": "QUIC", "Addrs": ["31.133.154.150","52.58.13.57"], "Session": "a5329ef0-0851690e871d1755 (63595:4433)", "Ts": 1563666193397904, "State": "Up", "Value": 1, "Who": "initiator", "Packets1": 9, "Packets2": 45, "Bytes1": 1841, "Bytes2": 54575, "Bandwidth1": 1841, "Bandwidth2": 54575 },
{ "Event": "spinvalue", "Type": "QUIC", "Addrs": ["31.133.154.150","52.58.13.57"], "Session": "a5329ef0-0851690e871d1755 (63595:4433)", "Ts": 1563666193397982, "State": "Up", "Value": 0, "Who": "responder", "Packets1": 10, "Packets2": 45, "Bytes1": 1900, "Bytes2": 54575, "Bandwidth1": 1900, "Bandwidth2": 54575 },
{ "Event": "spinvalue", "Type": "QUIC", "Addrs": ["31.133.154.150","52.58.13.57"], "Session": "a5329ef0-0851690e871d1755 (63595:4433)", "Ts": 1563666193398257, "State": "Up", "Value": 0, "Who": "responder", "Packets1": 10, "Packets2": 46, "Bytes1": 1900, "Bytes2": 55855, "Bandwidth1": 1900, "Bandwidth2": 55855 },
{ "Event": "spinvalue", "Type": "QUIC", "Addrs": ["31.133.154.150","52.58.13.57"], "Session": "a5329ef0-0851690e871d1755 (63595:4433)", "Ts": 1563666193398514, "State": "Up", "Value": 0, "Who": "responder", "Packets1": 10, "Packets2": 47, "Bytes1": 1900, "Bytes2": 57135, "Bandwidth1": 1900, "Bandwidth2": 57135 },
{ "Event": "spinvalue", "Type": "QUIC", "Addrs": ["31.133.154.150","52.58.13.57"], "Session": "a5329ef0-0851690e871d1755 (63595:4433)", "Ts": 1563666193398748, "State": "Up", "Value": 0, "Who": "responder", "Packets1": 10, "Packets2": 48, "Bytes1": 1900, "Bytes2": 58415, "Bandwidth1": 1900, "Bandwidth2": 58415 },
{ "Event": "spinvalue", "Type": "QUIC", "Addrs": ["31.133.154.150","52.58.13.57"], "Session": "a5329ef0-0851690e871d1755 (63595:4433)", "Ts": 1563666193399004, "State": "Up", "Value": 0, "Who": "responder", "Packets1": 10, "Packets2": 49, "Bytes1": 1900, "Bytes2": 59695, "Bandwidth1": 1900, "Bandwidth2": 59695 },
{ "Event": "spinvalue", "Type": "QUIC", "Addrs": ["31.133.154.150","52.58.13.57"], "Session": "a5329ef0-0851690e871d1755 (63595:4433)", "Ts": 1563666193399173, "State": "Up", "Value": 0, "Who": "responder", "Packets1": 10, "Packets2": 50, "Bytes1": 1900, "Bytes2": 60975, "Bandwidth1": 1900, "Bandwidth2": 60975 },
{ "Event": "spinvalue", "Type": "QUIC", "Addrs": ["31.133.154.150","52.58.13.57"], "Session": "a5329ef0-0851690e871d1755 (63595:4433)", "Ts": 1563666193403330, "State": "Up", "Value": 1, "Who": "initiator", "Packets1": 10, "Packets2": 51, "Bytes1": 1900, "Bytes2": 62255, "Bandwidth1": 1900, "Bandwidth2": 62255 },
{ "Event": "spinvalue", "Type": "QUIC", "Addrs": ["31.133.154.150","52.58.13.57"], "Session": "a5329ef0-0851690e871d1755 (63595:4433)", "Ts": 1563666193407688, "State": "Up", "Value": 1, "Who": "initiator", "Packets1": 11, "Packets2": 51, "Bytes1": 1959, "Bytes2": 62255, "Bandwidth1": 1959, "Bandwidth2": 62255 },
{ "Event": "spinvalue", "Type": "QUIC", "Addrs": ["31.133.154.150","52.58.13.57"], "Session": "a5329ef0-0851690e871d1755 (63595:4433)", "Ts": 1563666193408719, "State": "Up", "Value": 0, "Who": "responder", "Packets1": 12, "Packets2": 51, "Bytes1": 2018, "Bytes2": 62255, "Bandwidth1": 2018, "Bandwidth2": 62255 },
{ "Event": "spinvalue", "Type": "QUIC", "Addrs": ["31.133.154.150","52.58.13.57"], "Session": "a5329ef0-0851690e871d1755 (63595:4433)", "Ts": 1563666193408946, "State": "Up", "Value": 0, "Who": "responder", "Packets1": 12, "Packets2": 52, "Bytes1": 2018, "Bytes2": 63535, "Bandwidth1": 2018, "Bandwidth2": 63535 },
{ "Event": "spinvalue", "Type": "QUIC", "Addrs": ["31.133.154.150","52.58.13.57"], "Session": "a5329ef0-0851690e871d1755 (63595:4433)", "Ts": 1563666193409306, "State": "Up", "Value": 0, "Who": "responder", "Packets1": 12, "Packets2": 53, "Bytes1": 2018, "Bytes2": 64815, "Bandwidth1": 2018, "Bandwidth2": 64815 },
{ "Event": "spinvalue", "Type": "QUIC", "Addrs": ["31.133.154.150","52.58.13.57"], "Session": "a5329ef0-0851690e871d1755 (63595:4433)", "Ts": 1563666193409309, "State": "Up", "Value": 0, "Who": "responder", "Packets1": 12, "Packets2": 54, "Bytes1": 2018, "Bytes2": 66095, "Bandwidth1": 2018, "Bandwidth2": 66095 },
{ "Event": "spinvalue", "Type": "QUIC", "Addrs": ["31.133.154.150","52.58.13.57"], "Session": "a5329ef0-0851690e871d1755 (63595:4433)", "Ts": 1563666193409661, "State": "Up", "Value": 0, "Who": "responder", "Packets1": 12, "Packets2": 55, "Bytes1": 2018, "Bytes2": 67375, "Bandwidth1": 2018, "Bandwidth2": 67375 },
{ "Event": "spinvalue", "Type": "QUIC", "Addrs": ["31.133.154.150","52.58.13.57"], "Session": "a5329ef0-0851690e871d1755 (63595:4433)", "Ts": 1563666193409915, "State": "Up", "Value": 0, "Who": "responder", "Packets1": 12, "Packets2": 56, "Bytes1": 2018, "Bytes2": 68655, "Bandwidth1": 2018, "Bandwidth2": 68655 },
{ "Event": "spinvalue", "Type": "QUIC", "Addrs": ["31.133.154.150","52.58.13.57"], "Session": "a5329ef0-0851690e871d1755 (63595:4433)", "Ts": 1563666193410169, "State": "Up", "Value": 0, "Who": "responder", "Packets1": 12, "Packets2": 57, "Bytes1": 2018, "Bytes2": 69935, "Bandwidth1": 2018, "Bandwidth2": 69935 },
{ "Event": "spinvalue", "Type": "QUIC", "Addrs": ["31.133.154.150","52.58.13.57"], "Session": "a5329ef0-0851690e871d1755 (63595:4433)", "Ts": 1563666193410395, "State": "Up", "Value": 0, "Who": "responder", "Packets1": 12, "Packets2": 58, "Bytes1": 2018, "Bytes2": 71215, "Bandwidth1": 2018, "Bandwidth2": 71215 },
{ "Event": "spinvalue", "Type": "QUIC", "Addrs": ["31.133.154.150","52.58.13.57"], "Session": "a5329ef0-0851690e871d1755 (63595:4433)", "Ts": 1563666193410630, "State": "Up", "Value": 0, "Who": "responder", "Packets1": 12, "Packets2": 59, "Bytes1": 2018, "Bytes2": 72495, "Bandwidth1": 2018, "Bandwidth2": 72495 },
{ "Event": "spinvalue", "Type": "QUIC", "Addrs": ["31.133.154.150","52.58.13.57"], "Session": "a5329ef0-0851690e871d1755 (63595:4433)", "Ts": 1563666193410917, "State": "Up", "Value": 0, "Who": "responder", "Packets1": 12, "Packets2": 60, "Bytes1": 2018, "Bytes2": 73775, "Bandwidth1": 2018, "Bandwidth2": 73775 },
{ "Event": "spinvalue", "Type": "QUIC", "Addrs": ["31.133.154.150","52.58.13.57"], "Session": "a5329ef0-0851690e871d1755 (63595:4433)", "Ts": 1563666193411133, "State": "Up", "Value": 0, "Who": "responder", "Packets1": 12, "Packets2": 61, "Bytes1": 2018, "Bytes2": 75055, "Bandwidth1": 2018, "Bandwidth2": 75055 },
{ "Event": "spinvalue", "Type": "QUIC", "Addrs": ["31.133.154.150","52.58.13.57"], "Session": "a5329ef0-0851690e871d1755 (63595:4433)", "Ts": 1563666193411385, "State": "Up", "Value": 0, "Who": "responder", "Packets1": 12, "Packets2": 62, "Bytes1": 2018, "Bytes2": 76335, "Bandwidth1": 2018, "Bandwidth2": 76335 },
{ "Event": "spinvalue", "Type": "QUIC", "Addrs": ["31.133.154.150","52.58.13.57"], "Session": "a5329ef0-0851690e871d1755 (63595:4433)", "Ts": 1563666193411633, "State": "Up", "Value": 0, "Who": "responder", "Packets1": 12, "Packets2": 63, "Bytes1": 2018, "Bytes2": 77615, "Bandwidth1": 2018, "Bandwidth2": 77615 },
{ "Event": "spinvalue", "Type": "QUIC", "Addrs": ["31.133.154.150","52.58.13.57"], "Session": "a5329ef0-0851690e871d1755 (63595:4433)", "Ts": 1563666193411868, "State": "Up", "Value": 0, "Who": "responder", "Packets1": 12, "Packets2": 64, "Bytes1": 2018, "Bytes2": 78895, "Bandwidth1": 2018, "Bandwidth2": 78895 },
{ "Event": "spinvalue", "Type": "QUIC", "Addrs": ["31.133.154.150","52.58.13.57"], "Session": "a5329ef0-0851690e871d1755 (63595:4433)", "Ts": 1563666193412123, "State": "Up", "Value": 0, "Who": "responder", "Packets1": 12, "Packets2": 65, "Bytes1": 2018, "Bytes2": 80175, "Bandwidth1": 2018, "Bandwidth2": 80175 },
{ "Event": "spinvalue", "Type": "QUIC", "Addrs": ["31.133.154.150","52.58.13.57"], "Session": "a5329ef0-0851690e871d1755 (63595:4433)", "Ts": 1563666193412338, "State": "Up", "Value": 0, "Who": "responder", "Packets1": 12, "Packets2": 66, "Bytes1": 2018, "Bytes2": 81455, "Bandwidth1": 2018, "Bandwidth2": 81455 },
{ "Event": "spinvalue", "Type": "QUIC", "Addrs": ["31.133.154.150","52.58.13.57"], "Session": "a5329ef0-0851690e871d1755 (63595:4433)", "Ts": 1563666193413290, "State": "Up", "Value": 1, "Who": "initiator", "Packets1": 12, "Packets2": 67, "Bytes1": 2018, "Bytes2": 82735, "Bandwidth1": 2018, "Bandwidth2": 82735 },
{ "Event": "spinvalue", "Type": "QUIC", "Addrs": ["31.133.154.150","52.58.13.57"], "Session": "a5329ef0-0851690e871d1755 (63595:4433)", "Ts": 1563666193418526, "State": "Up", "Value": 0, "Who": "responder", "Packets1": 13, "Packets2": 67, "Bytes1": 2077, "Bytes2": 82735, "Bandwidth1": 2077, "Bandwidth2": 82735 },
{ "Event": "spinvalue", "Type": "QUIC", "Addrs": ["31.133.154.150","52.58.13.57"], "Session": "a5329ef0-0851690e871d1755 (63595:4433)", "Ts": 1563666193418842, "State": "Up", "Value": 0, "Who": "responder", "Packets1": 13, "Packets2": 68, "Bytes1": 2077, "Bytes2": 84015, "Bandwidth1": 2077, "Bandwidth2": 84015 },
{ "Event": "spinvalue", "Type": "QUIC", "Addrs": ["31.133.154.150","52.58.13.57"], "Session": "a5329ef0-0851690e871d1755 (63595:4433)", "Ts": 1563666193419015, "State": "Up", "Value": 0, "Who": "responder", "Packets1": 13, "Packets2": 69, "Bytes1": 2077, "Bytes2": 85295, "Bandwidth1": 2077, "Bandwidth2": 85295 },
{ "Event": "spinvalue", "Type": "QUIC", "Addrs": ["31.133.154.150","52.58.13.57"], "Session": "a5329ef0-0851690e871d1755 (63595:4433)", "Ts": 1563666193419238, "State": "Up", "Value": 0, "Who": "responder", "Packets1": 13, "Packets2": 70, "Bytes1": 2077, "Bytes2": 86575, "Bandwidth1": 2077, "Bandwidth2": 86575 },
{ "Event": "spinvalue", "Type": "QUIC", "Addrs": ["31.133.154.150","52.58.13.57"], "Session": "a5329ef0-0851690e871d1755 (63595:4433)", "Ts": 1563666193419479, "State": "Up", "Value": 0, "Who": "responder", "Packets1": 13, "Packets2": 71, "Bytes1": 2077, "Bytes2": 87855, "Bandwidth1": 2077, "Bandwidth2": 87855 },
{ "Event": "spinvalue", "Type": "QUIC", "Addrs": ["31.133.154.150","52.58.13.57"], "Session": "a5329ef0-0851690e871d1755 (63595:4433)", "Ts": 1563666193419731, "State": "Up", "Value": 0, "Who": "responder", "Packets1": 13, "Packets2": 72, "Bytes1": 2077, "Bytes2": 89135, "Bandwidth1": 2077, "Bandwidth2": 89135 },
{ "Event": "spinvalue", "Type": "QUIC", "Addrs": ["31.133.154.150","52.58.13.57"], "Session": "a5329ef0-0851690e871d1755 (63595:4433)", "Ts": 1563666193422763, "State": "Up", "Value": 1, "Who": "initiator", "Packets1": 13, "Packets2": 73, "Bytes1": 2077, "Bytes2": 90415, "Bandwidth1": 2077, "Bandwidth2": 90415 },
{ "Event": "spinvalue", "Type": "QUIC", "Addrs": ["31.133.154.150","52.58.13.57"], "Session": "a5329ef0-0851690e871d1755 (63595:4433)", "Ts": 1563666193428337, "State": "Up", "Value": 1, "Who": "initiator", "Packets1": 14, "Packets2": 73, "Bytes1": 2143, "Bytes2": 90415, "Bandwidth1": 2143, "Bandwidth2": 90415 },
{ "Event": "spinvalue", "Type": "QUIC", "Addrs": ["31.133.154.150","52.58.13.57"], "Session": "a5329ef0-0851690e871d1755 (63595:4433)", "Ts": 1563666193508476, "State": "Up", "Value": 1, "Who": "responder", "Packets1": 15, "Packets2": 73, "Bytes1": 2203, "Bytes2": 90415, "Bandwidth1": 2203, "Bandwidth2": 90415 },
{ "Event": "measurement", "Type": "QUIC", "Addrs": ["31.133.154.150","52.58.13.57"], "Session": "a5329ef0-0851690e871d1755 (63595:4433)", "Ts": 1563666193508476, "State": "Up", "Right_rtt": 112740, "Packets1": 15, "Packets2": 73, "Bytes1": 2203, "Bytes2": 90415, "Bandwidth1": 2203, "Bandwidth2": 90415 },
{ "Event": "measurement", "Type": "QUIC", "Addrs": ["31.133.154.150","52.58.13.57"], "Session": "a5329ef0-0851690e871d1755 (63595:4433)", "Ts": 1563666193508476, "State": "Up", "Full_rtt_responder": 116655, "Packets1": 15, "Packets2": 73, "Bytes1": 2203, "Bytes2": 90415, "Bandwidth1": 2203, "Bandwidth2": 90415 },
{ "Event": "spinvalue", "Type": "QUIC", "Addrs": ["31.133.154.150","52.58.13.57"], "Session": "a5329ef0-0851690e871d1755 (63595:4433)", "Ts": 1563666193508482, "State": "Up", "Value": 1, "Who": "responder", "Packets1": 15, "Packets2": 74, "Bytes1": 2203, "Bytes2": 91695, "Bandwidth1": 2203, "Bandwidth2": 91695 },
{ "Event": "spinvalue", "Type": "QUIC", "Addrs": ["31.133.154.150","52.58.13.57"], "Session": "a5329ef0-0851690e871d1755 (63595:4433)", "Ts": 1563666193508766, "State": "Up", "Value": 1, "Who": "responder", "Packets1": 15, "Packets2": 75, "Bytes1": 2203, "Bytes2": 92975, "Bandwidth1": 2203, "Bandwidth2": 92975 },
{ "Event": "spinvalue", "Type": "QUIC", "Addrs": ["31.133.154.150","52.58.13.57"], "Session": "a5329ef0-0851690e871d1755 (63595:4433)", "Ts": 1563666193508978, "State": "Up", "Value": 1, "Who": "responder", "Packets1": 15, "Packets2": 76, "Bytes1": 2203, "Bytes2": 94255, "Bandwidth1": 2203, "Bandwidth2": 94255 },
{ "Event": "spinvalue", "Type": "QUIC", "Addrs": ["31.133.154.150","52.58.13.57"], "Session": "a5329ef0-0851690e871d1755 (63595:4433)", "Ts": 1563666193509196, "State": "Up", "Value": 1, "Who": "responder", "Packets1": 15, "Packets2": 77, "Bytes1": 2203, "Bytes2": 95535, "Bandwidth1": 2203, "Bandwidth2": 95535 },
{ "Event": "spinvalue", "Type": "QUIC", "Addrs": ["31.133.154.150","52.58.13.57"], "Session": "a5329ef0-0851690e871d1755 (63595:4433)", "Ts": 1563666193509504, "State": "Up", "Value": 1, "Who": "responder", "Packets1": 15, "Packets2": 78, "Bytes1": 2203, "Bytes2": 96815, "Bandwidth1": 2203, "Bandwidth2": 96815 },
{ "Event": "spinvalue", "Type": "QUIC", "Addrs": ["31.133.154.150","52.58.13.57"], "Session": "a5329ef0-0851690e871d1755 (63595:4433)", "Ts": 1563666193509700, "State": "Up", "Value": 1, "Who": "responder", "Packets1": 15, "Packets2": 79, "Bytes1": 2203, "Bytes2": 98095, "Bandwidth1": 2203, "Bandwidth2": 98095 },
{ "Event": "spinvalue", "Type": "QUIC", "Addrs": ["31.133.154.150","52.58.13.57"], "Session": "a5329ef0-0851690e871d1755 (63595:4433)", "Ts": 1563666193509933, "State": "Up", "Value": 1, "Who": "responder", "Packets1": 15, "Packets2": 80, "Bytes1": 2203, "Bytes2": 99375, "Bandwidth1": 2203, "Bandwidth2": 99375 },
{ "Event": "spinvalue", "Type": "QUIC", "Addrs": ["31.133.154.150","52.58.13.57"], "Session": "a5329ef0-0851690e871d1755 (63595:4433)", "Ts": 1563666193510252, "State": "Up", "Value": 1, "Who": "responder", "Packets1": 15, "Packets2": 81, "Bytes1": 2203, "Bytes2": 100655, "Bandwidth1": 2203, "Bandwidth2": 100655 },
{ "Event": "spinvalue", "Type": "QUIC", "Addrs": ["31.133.154.150","52.58.13.57"], "Session": "a5329ef0-0851690e871d1755 (63595:4433)", "Ts": 1563666193510255, "State": "Up", "Value": 1, "Who": "responder", "Packets1": 15, "Packets2": 82, "Bytes1": 2203, "Bytes2": 101935, "Bandwidth1": 2203, "Bandwidth2": 101935 },
{ "Event": "spinvalue", "Type": "QUIC", "Addrs": ["31.133.154.150","52.58.13.57"], "Session": "a5329ef0-0851690e871d1755 (63595:4433)", "Ts": 1563666193510650, "State": "Up", "Value": 1, "Who": "responder", "Packets1": 15, "Packets2": 83, "Bytes1": 2203, "Bytes2": 103215, "Bandwidth1": 2203, "Bandwidth2": 103215 },
{ "Event": "spinvalue", "Type": "QUIC", "Addrs": ["31.133.154.150","52.58.13.57"], "Session": "a5329ef0-0851690e871d1755 (63595:4433)", "Ts": 1563666193510917, "State": "Up", "Value": 1, "Who": "responder", "Packets1": 15, "Packets2": 84, "Bytes1": 2203, "Bytes2": 104495, "Bandwidth1": 2203, "Bandwidth2": 104495 },
{ "Event": "spinvalue", "Type": "QUIC", "Addrs": ["31.133.154.150","52.58.13.57"], "Session": "a5329ef0-0851690e871d1755 (63595:4433)", "Ts": 1563666193510931, "State": "Up", "Value": 0, "Who": "initiator", "Packets1": 15, "Packets2": 85, "Bytes1": 2203, "Bytes2": 105775, "Bandwidth1": 2203, "Bandwidth2": 105775 },
{ "Event": "measurement", "Type": "QUIC", "Addrs": ["31.133.154.150","52.58.13.57"], "Session": "a5329ef0-0851690e871d1755 (63595:4433)", "Ts": 1563666193510931, "State": "Up", "Left_rtt": 2455, "Packets1": 15, "Packets2": 85, "Bytes1": 2203, "Bytes2": 105775, "Bandwidth1": 2203, "Bandwidth2": 105775 },
{ "Event": "measurement", "Type": "QUIC", "Addrs": ["31.133.154.150","52.58.13.57"], "Session": "a5329ef0-0851690e871d1755 (63595:4433)", "Ts": 1563666193510931, "State": "Up", "Full_rtt_initiator": 115195, "Packets1": 15, "Packets2": 85, "Bytes1": 2203, "Bytes2": 105775, "Bandwidth1": 2203, "Bandwidth2": 105775 },
{ "Event": "spinvalue", "Type": "QUIC", "Addrs": ["31.133.154.150","52.58.13.57"], "Session": "a5329ef0-0851690e871d1755 (63595:4433)", "Ts": 1563666193517470, "State": "Up", "Value": 0, "Who": "initiator", "Packets1": 16, "Packets2": 85, "Bytes1": 2263, "Bytes2": 105775, "Bandwidth1": 2263, "Bandwidth2": 105775 },
{ "Event": "spinvalue", "Type": "QUIC", "Addrs": ["31.133.154.150","52.58.13.57"], "Session": "a5329ef0-0851690e871d1755 (63595:4433)", "Ts": 1563666193523250, "State": "Up", "Value": 1, "Who": "responder", "Packets1": 17, "Packets2": 85, "Bytes1": 2323, "Bytes2": 105775, "Bandwidth1": 2323, "Bandwidth2": 105775 },
{ "Event": "spinvalue", "Type": "QUIC", "Addrs": ["31.133.154.150","52.58.13.57"], "Session": "a5329ef0-0851690e871d1755 (63595:4433)", "Ts": 1563666193523510, "State": "Up", "Value": 1, "Who": "responder", "Packets1": 17, "Packets2": 86, "Bytes1": 2323, "Bytes2": 107055, "Bandwidth1": 2323, "Bandwidth2": 107055 },
{ "Event": "spinvalue", "Type": "QUIC", "Addrs": ["31.133.154.150","52.58.13.57"], "Session": "a5329ef0-0851690e871d1755 (63595:4433)", "Ts": 1563666193523514, "State": "Up", "Value": 1, "Who": "responder", "Packets1": 17, "Packets2": 87, "Bytes1": 2323, "Bytes2": 108335, "Bandwidth1": 2323, "Bandwidth2": 108335 },
{ "Event": "spinvalue", "Type": "QUIC", "Addrs": ["31.133.154.150","52.58.13.57"], "Session": "a5329ef0-0851690e871d1755 (63595:4433)", "Ts": 1563666193526570, "State": "Up", "Value": 1, "Who": "responder", "Packets1": 17, "Packets2": 88, "Bytes1": 2323, "Bytes2": 108663, "Bandwidth1": 2323, "Bandwidth2": 108663 },
{ "Event": "spinvalue", "Type": "QUIC", "Addrs": ["31.133.154.150","52.58.13.57"], "Session": "a5329ef0-0851690e871d1755 (63595:4433)", "Ts": 1563666193526593, "State": "Up", "Value": 0, "Who": "initiator", "Packets1": 17, "Packets2": 89, "Bytes1": 2323, "Bytes2": 108718, "Bandwidth1": 2323, "Bandwidth2": 108718 },
{ "Event": "spinvalue", "Type": "QUIC", "Addrs": ["31.133.154.150","52.58.13.57"], "Session": "a5329ef0-0851690e871d1755 (63595:4433)", "Ts": 1563666193527434, "State": "Up", "Value": 0, "Who": "initiator", "Packets1": 18, "Packets2": 89, "Bytes1": 2383, "Bytes2": 108718, "Bandwidth1": 2383, "Bandwidth2": 108718 },
{ "Event": "spinvalue", "Type": "QUIC", "Addrs": ["31.133.154.150","52.58.13.57"], "Session": "a5329ef0-0851690e871d1755 (63595:4433)", "Ts": 1563666193638942, "State": "Up", "Value": 0, "Who": "responder", "Packets1": 19, "Packets2": 89, "Bytes1": 2440, "Bytes2": 108718, "Bandwidth1": 2440, "Bandwidth2": 108718 },
{ "Event": "measurement", "Type": "QUIC", "Addrs": ["31.133.154.150","52.58.13.57"], "Session": "a5329ef0-0851690e871d1755 (63595:4433)", "Ts": 1563666193638942, "State": "Up", "Right_rtt": 128011, "Packets1": 19, "Packets2": 89, "Bytes1": 2440, "Bytes2": 108718, "Bandwidth1": 2440, "Bandwidth2": 108718 },
{ "Event": "measurement", "Type": "QUIC", "Addrs": ["31.133.154.150","52.58.13.57"], "Session": "a5329ef0-0851690e871d1755 (63595:4433)", "Ts": 1563666193638942, "State": "Up", "Full_rtt_responder": 130466, "Packets1": 19, "Packets2": 89, "Bytes1": 2440, "Bytes2": 108718, "Bandwidth1": 2440, "Bandwidth2": 108718 }
]
